// Jest Snapshot v1, https://goo.gl/fbAQLP

exports[`utils getAllFiles 1`] = `
[
  ".gitkeep",
  "dir/.gitkeep",
  "dir/subdir/.gitkeep",
]
`;
